- Generating browser application bundles (phase: setup)...
✔ Browser application bundle generation complete.
04 03 2026 15:40:01.989:INFO [karma-server]: Karma v6.4.4 server started at http://localhost:9877/
04 03 2026 15:40:01.992:INFO [launcher]: Launching browsers Chrome with concurrency unlimited
04 03 2026 15:40:01.997:INFO [launcher]: Starting browser Chrome
04 03 2026 15:40:03.202:INFO [Chrome 144.0.0.0 (Linux 0.0.0)]: Connected on socket XlvOyFKZ_cUjefrxAAAB with id 98633076
Chrome 144.0.0.0 (Linux 0.0.0): Executed 0 of 12[32m SUCCESS[39m (0 secs / 0 secs)
[1A[2KChrome 144.0.0.0 (Linux 0.0.0): Executed 1 of 12[32m SUCCESS[39m (0 secs / 0.095 secs)
[1A[2KChrome 144.0.0.0 (Linux 0.0.0): Executed 2 of 12[32m SUCCESS[39m (0 secs / 0.101 secs)
[1A[2KChrome 144.0.0.0 (Linux 0.0.0): Executed 3 of 12[32m SUCCESS[39m (0 secs / 0.113 secs)
[1A[2K[31mChrome 144.0.0.0 (Linux 0.0.0) SignupComponent should create FAILED[39m
	Error: NG0303: Can't bind to 'ngModel' since it isn't a known property of 'input' (used in the 'SignupComponent' component template).
	1. If 'input' is an Angular component and it has the 'ngModel' input, then verify that it is a part of an @NgModule where this component is declared.
	2. To allow any property add 'NO_ERRORS_SCHEMA' to the '@NgModule.schemas' of this component.
	error properties: Object({ code: 303 })
	    at reportUnknownPropertyError (node_modules/@angular/core/fesm2022/core.mjs:6304:15)
	    at handleUnknownPropertyError (node_modules/@angular/core/fesm2022/core.mjs:6300:5)
	    at elementPropertyInternal (node_modules/@angular/core/fesm2022/core.mjs:12426:17)
	    at ɵɵproperty (node_modules/@angular/core/fesm2022/core.mjs:16255:9)
	    at templateFn (ng:///SignupComponent.js:45:9)
	    at executeTemplate (node_modules/@angular/core/fesm2022/core.mjs:12003:13)
	    at refreshView (node_modules/@angular/core/fesm2022/core.mjs:13498:13)
	    at detectChangesInView (node_modules/@angular/core/fesm2022/core.mjs:13663:9)
	    at detectChangesInComponent (node_modules/@angular/core/fesm2022/core.mjs:13638:5)
	    at detectChangesInChildComponents (node_modules/@angular/core/fesm2022/core.mjs:13676:9)
Chrome 144.0.0.0 (Linux 0.0.0): Executed 4 of 12[31m (1 FAILED)[39m (0 secs / 0.158 secs)
[1A[2KChrome 144.0.0.0 (Linux 0.0.0): Executed 5 of 12[31m (1 FAILED)[39m (0 secs / 0.185 secs)
[1A[2KChrome 144.0.0.0 (Linux 0.0.0): Executed 6 of 12[31m (1 FAILED)[39m (0 secs / 0.189 secs)
[1A[2KChrome 144.0.0.0 (Linux 0.0.0): Executed 7 of 12[31m (1 FAILED)[39m (0 secs / 0.19 secs)
[1A[2K[31mChrome 144.0.0.0 (Linux 0.0.0) DiscussionfomrComponent should load threads on init FAILED[39m
	Expected 0 to be greater than 0.
	    at <Jasmine>
	    at UserContext.apply (src/app/features/discussionforum/pages/discussionforum.component.spec.ts:26:38)
	    at _ZoneDelegate.invoke (node_modules/zone.js/fesm2015/zone.js:368:26)
	    at ProxyZoneSpec.onInvoke (node_modules/zone.js/fesm2015/zone-testing.js:273:39)
	    at _ZoneDelegate.invoke (node_modules/zone.js/fesm2015/zone.js:367:52)
Chrome 144.0.0.0 (Linux 0.0.0): Executed 8 of 12[31m (2 FAILED)[39m (0 secs / 0.232 secs)
[1A[2KWARN: [36m'Spec 'DiscussionfomrComponent should select thread and show detail' has no expectations.'[39m
Chrome 144.0.0.0 (Linux 0.0.0): Executed 8 of 12[31m (2 FAILED)[39m (0 secs / 0.232 secs)
WARN: 'Spec 'DiscussionfomrComponent should select thread and show detail' has no expectations.'
[1A[2KChrome 144.0.0.0 (Linux 0.0.0): Executed 9 of 12[31m (2 FAILED)[39m (0 secs / 0.241 secs)
[1A[2KChrome 144.0.0.0 (Linux 0.0.0): Executed 10 of 12[31m (2 FAILED)[39m (0 secs / 0.249 secs)
[1A[2K[31mChrome 144.0.0.0 (Linux 0.0.0) DiscussionfomrComponent should create new thread FAILED[39m
	Expected 0 to be 1.
	    at <Jasmine>
	    at UserContext.apply (src/app/features/discussionforum/pages/discussionforum.component.spec.ts:34:38)
	    at _ZoneDelegate.invoke (node_modules/zone.js/fesm2015/zone.js:368:26)
	    at ProxyZoneSpec.onInvoke (node_modules/zone.js/fesm2015/zone-testing.js:273:39)
	    at _ZoneDelegate.invoke (node_modules/zone.js/fesm2015/zone.js:367:52)
Chrome 144.0.0.0 (Linux 0.0.0): Executed 11 of 12[31m (3 FAILED)[39m (0 secs / 0.259 secs)
[1A[2KWARN: [36m'Spec 'DiscussionfomrComponent should add reply to thread' has no expectations.'[39m
Chrome 144.0.0.0 (Linux 0.0.0): Executed 11 of 12[31m (3 FAILED)[39m (0 secs / 0.259 secs)
WARN: 'Spec 'DiscussionfomrComponent should add reply to thread' has no expectations.'
[1A[2KChrome 144.0.0.0 (Linux 0.0.0): Executed 12 of 12[31m (3 FAILED)[39m (0 secs / 0.267 secs)
[1A[2KChrome 144.0.0.0 (Linux 0.0.0): Executed 12 of 12[31m (3 FAILED)[39m (0.334 secs / 0.267 secs)
[31mTOTAL: 3 FAILED, 9 SUCCESS[39m
✔ Browser application bundle generation complete.
✔ Browser application bundle generation complete.
